2026-10-02 19:10:36,685 - INFO: Starting: mode=exec, systems=3, systems file=/tmp/systems.txt
2026-10-02 19:10:36,787 - INFO: Connecting to host1 (<IP1>) as 'admin'
2026-10-02 19:10:36,788 - INFO: Connecting to host2 (<IP2>) as 'admin'
2026-10-02 19:10:36,804 - INFO: Connecting to host3 (<IP3>) as 'admin'
2026-10-02 19:10:36,985 - INFO: [host2] Executing: whoami
2026-10-02 19:10:36,988 - INFO: [host1] Executing: whoami
2026-10-02 19:10:37,065 - INFO: [host2] Exit code 0: whoami
2026-10-02 19:10:37,065 - INFO: [host2] Executing: uptime -p
2026-10-02 19:10:37,066 - INFO: [host1] Exit code 0: whoami
2026-10-02 19:10:37,066 - INFO: [host1] Executing: uptime -p
2026-10-02 19:10:37,117 - INFO: [host1] Exit code 0: uptime -p
2026-10-02 19:10:37,117 - INFO: [host1] Executing: df -h /tmp
2026-10-02 19:10:37,118 - INFO: [host2] Exit code 0: uptime -p
2026-10-02 19:10:37,118 - INFO: [host2] Executing: df -h /tmp
2026-10-02 19:10:37,165 - INFO: [host2] Exit code 0: df -h /tmp
2026-10-02 19:10:37,165 - INFO: [host2] Executing: grep PRETTY_NAME /etc/os-release
2026-10-02 19:10:37,165 - INFO: [host1] Exit code 0: df -h /tmp
2026-10-02 19:10:37,165 - INFO: [host1] Executing: grep PRETTY_NAME /etc/os-release
2026-10-02 19:10:37,214 - INFO: [host2] Exit code 0: grep PRETTY_NAME /etc/os-release
2026-10-02 19:10:37,215 - INFO: [host1] Exit code 0: grep PRETTY_NAME /etc/os-release
2026-10-02 19:10:37,256 - INFO: [host1] Copy completed: /tmp/to-copy.txt -> /tmp/to-copy.txt
2026-10-02 19:10:37,256 - INFO: [host1] Executing: cat /tmp/to-copy.txt
2026-10-02 19:10:37,259 - INFO: [host2] Copy completed: /tmp/to-copy.txt -> /tmp/to-copy.txt
2026-10-02 19:10:37,259 - INFO: [host2] Executing: cat /tmp/to-copy.txt
2026-10-02 19:10:37,269 - INFO: [host1] Exit code 0: cat /tmp/to-copy.txt
2026-10-02 19:10:37,269 - INFO: [host1] Executing: ls /tmp/missing-folder
2026-10-02 19:10:37,273 - INFO: [host2] Exit code 0: cat /tmp/to-copy.txt
2026-10-02 19:10:37,273 - INFO: [host2] Executing: ls /tmp/missing-folder
2026-10-02 19:10:37,317 - INFO: [host1] Exit code 2: ls /tmp/missing-folder
2026-10-02 19:10:37,317 - WARNING: [host1] Skipped dangerous command: reboot
2026-10-02 19:10:37,317 - INFO: [host1] Finished: ERRORS
2026-10-02 19:10:37,319 - INFO: [host2] Exit code 2: ls /tmp/missing-folder
2026-10-02 19:10:37,319 - WARNING: [host2] Skipped dangerous command: reboot
2026-10-02 19:10:37,319 - INFO: [host2] Finished: ERRORS
2026-10-02 19:10:39,809 - ERROR: [host3] Failed: timed out
2026-10-02 19:10:39,809 - INFO: [host3] Finished: ERRORS
2026-10-02 19:10:39,810 - INFO: Overall: systems=3, with errors=3.
